MIF/HEX Update report for DE2_115_Default
Mon Apr 13 19:34:58 2015
Quartus II 64-Bit Version 13.1.0 Build 162 10/23/2013 SJ Web Edition


---------------------
; Table of Contents ;
---------------------
  1. Legal Notice
  2. MIF/HEX Update Summary
  3. MIF/HEX Update Processed Files
  4. MIF/HEX Update Messages



----------------
; Legal Notice ;
----------------
Copyright (C) 1991-2013 Altera Corporation
Your use of Altera Corporation's design tools, logic functions 
and other software and tools, and its AMPP partner logic 
functions, and any output files from any of the foregoing 
(including device programming or simulation files), and any 
associated documentation or information are expressly subject 
to the terms and conditions of the Altera Program License 
Subscription Agreement, Altera MegaCore Function License 
Agreement, or other applicable license agreement, including, 
without limitation, that your use is for the sole purpose of 
programming logic devices manufactured by Altera and sold by 
Altera or its authorized distributors.  Please refer to the 
applicable agreement for further details.



+---------------------------------------------------------------+
; MIF/HEX Update Summary                                        ;
+-----------------------+---------------------------------------+
; MIF/HEX Update Status ; Successful - Mon Apr 13 19:34:58 2015 ;
; Revision Name         ; DE2_115_Default                       ;
; Top-level Entity Name ; DE2_115_Default                       ;
; Family                ; Cyclone IV E                          ;
; Device                ; EP4CE115F29C7                         ;
+-----------------------+---------------------------------------+


+---------------------------------------------------------------------------------+
; MIF/HEX Update Processed Files                                                  ;
+---------------------------------------------------------------------------------+
; File Name                                                                       ;
+---------------------------------------------------------------------------------+
; C:/Users/Tom/Google Drive/Duke/paint/DE2_115_Default/VGA_DATA/img_data_logo.mif ;
; C:/Users/Tom/Google Drive/Duke/paint/DE2_115_Default/VGA_DATA/index_logo.mif    ;
+---------------------------------------------------------------------------------+


+-------------------------+
; MIF/HEX Update Messages ;
+-------------------------+
Info: *******************************************************************
Info: Running Quartus II 64-Bit MIF/HEX Update
    Info: Version 13.1.0 Build 162 10/23/2013 SJ Web Edition
    Info: Processing started: Mon Apr 13 19:34:55 2015
Info: Command: quartus_cdb DE2_115_Default -c DE2_115_Default --update_mif
Warning (113028): 239 out of 256 addresses are uninitialized. The Quartus II software will initialize them to "0". There are 2 warnings found, and 2 warnings are reported.
    Warning (113026): Memory Initialization File Address 8 is not initialized
    Warning (113027): Addresses ranging from 18 to 255 are not initialized
Warning (113028): 65536 out of 307200 addresses are uninitialized. The Quartus II software will initialize them to "0". There are 1 warnings found, and 1 warnings are reported.
    Warning (113027): Addresses ranging from 241664 to 307199 are not initialized
Info (39024): Processed the following Memory Initialization File(s)
    Info (39025): Processed Memory Initialization File C:/Users/Tom/Google Drive/Duke/paint/DE2_115_Default/VGA_DATA/img_data_logo.mif
    Info (39025): Processed Memory Initialization File C:/Users/Tom/Google Drive/Duke/paint/DE2_115_Default/VGA_DATA/index_logo.mif
Info: Quartus II 64-Bit MIF/HEX Update was successful. 0 errors, 5 warnings
    Info: Peak virtual memory: 577 megabytes
    Info: Processing ended: Mon Apr 13 19:34:59 2015
    Info: Elapsed time: 00:00:04
    Info: Total CPU time (on all processors): 00:00:03


